// Jest Snapshot v1, https://goo.gl/fbAQLP

exports[`Money snapshot renders 1`] = `
<span>
  $1.00
</span>
`;
