// Jest Snapshot v1, https://goo.gl/fbAQLP

exports[`ErrorMessage snapshot 1`] = `
<span
  className="ErrorMessage"
>
  <span>
    âš 
  </span>
  <span>
     
    Failed to fetch wallets
  </span>
</span>
`;
